devnet payer: wJYFx75hzP9h2ujQQ6mpJWLeYgPSUdLtuWjrw881rKz; current PASS receipt: 06bdb71f82e53b880a03e3584c7fdc02fd587415ca29c1b3ed11efcec7a1c991
exact-capacity RPC rent: 7.06641208 SOL; required with fee allowance: 7.11641208 SOL
RUN: ["solana","program","deploy","D:\\Work\\Software_Projects\\pumpmind\\ratchetx\\ratchet_phase_a_clean\\_to_delete\\public-build-handoff\\a8f3fb4daefaeea13c951c967e23b92ed14d8cc904402aad7d38e5b8c446094d\\ratchet_core_g2.so","--program-id","D:\\Work\\Software_Projects\\pumpmind\\ratchetx\\ratchet_phase_a_clean\\onchain\\ratchet-core-g2\\target\\deploy\\ratchet_core_g2-keypair.json","--keypair","D:\\Work\\Software_Projects\\pumpmind\\ratchetx\\ratchet_phase_a_clean\\ops\\g2-deploy\\keys\\devnet-payer.json","--fee-payer","D:\\Work\\Software_Projects\\pumpmind\\ratchetx\\ratchet_phase_a_clean\\ops\\g2-deploy\\keys\\devnet-payer.json","--upgrade-authority","D:\\Work\\Software_Projects\\pumpmind\\ratchetx\\ratchet_phase_a_clean\\ops\\g2-deploy\\keys\\devnet-payer.json","--url","https://api.devnet.solana.com","--commitment","confirmed","--max-len","1014408"]
core: measured deployed ELF matches a8f3fb4daefaeea13c951c967e23b92ed14d8cc904402aad7d38e5b8c446094d
RUN: ["solana","program","deploy","D:\\Work\\Software_Projects\\pumpmind\\ratchetx\\ratchet_phase_a_clean\\_to_delete\\public-build-handoff\\534e3fd33c3350a2ce086f0f2d46dfb85db07813f76c6da569e750f624a1f3c1\\rcx_timepin_v2.so","--program-id","D:\\Work\\Software_Projects\\pumpmind\\ratchetx\\ratchet_phase_a_clean\\onchain\\rcx-timepin-v2\\timepin-v2-keypair.json","--keypair","D:\\Work\\Software_Projects\\pumpmind\\ratchetx\\ratchet_phase_a_clean\\ops\\g2-deploy\\keys\\devnet-payer.json","--fee-payer","D:\\Work\\Software_Projects\\pumpmind\\ratchetx\\ratchet_phase_a_clean\\ops\\g2-deploy\\keys\\devnet-payer.json","--upgrade-authority","D:\\Work\\Software_Projects\\pumpmind\\ratchetx\\ratchet_phase_a_clean\\ops\\g2-deploy\\keys\\devnet-payer.json","--url","https://api.devnet.solana.com","--commitment","confirmed","--max-len","375944"]
timepin: measured deployed ELF matches 534e3fd33c3350a2ce086f0f2d46dfb85db07813f76c6da569e750f624a1f3c1
{
  "ok": true,
  "mode": "execute",
  "cluster": "devnet",
  "genesisHash": "EtWTRABZaYq6iMfeYKouRu166VU2xqa1wcaWoxPkrZBG",
  "payer": "wJYFx75hzP9h2ujQQ6mpJWLeYgPSUdLtuWjrw881rKz",
  "cliVersion": "solana-cli 4.2.1 (src:af73c061; feat:21b0d33a, client:Agave)",
  "receiptSha256": "06bdb71f82e53b880a03e3584c7fdc02fd587415ca29c1b3ed11efcec7a1c991",
  "sourceHashes": {
    "onchain/ratchet-core-g2/Anchor.toml": "1963557e61e803deac292c3713f72e6043c5603e32ad440621dbbccabec31af3",
    "onchain/ratchet-core-g2/Cargo.lock": "07ede8261b7a325913d1cba29703a373ada6e992a2b4860f7c1152200174f982",
    "onchain/ratchet-core-g2/Cargo.toml": "437e0138487e7f84626982ea1d1132662fc33ea6c2b2576985d6f094fe7deddb",
    "onchain/ratchet-core-g2/programs/ratchet-core-g2/Cargo.toml": "52aa60c2418f7a5a473f2d0da60d0199e1cdeaea93c80ca43200caa78889e929",
    "onchain/ratchet-core-g2/programs/ratchet-core-g2/src/foreign_timepin.rs": "4b360f9452c256c6f7d026082f8e71cf645d74989b47e43fd986ff543e2c6607",
    "onchain/ratchet-core-g2/programs/ratchet-core-g2/src/lib.rs": "51319eca20661b47dddfa570af2bf7e3656698a9c3410c6367fce3a0f482178d",
    "onchain/ratchet-core-g2/programs/ratchet-core-g2/src/state.rs": "19a649afa9d471c5b5a0b4de733ba4fd4bcedd46591c5c7abdf432fa8f013563",
    "onchain/ratchet-core-g2/svm-tests/Cargo.lock": "b28cb3d20537988d1e74b58575a658a1d66d5ced1ae70b08501e0ce369df1a0d",
    "onchain/ratchet-core-g2/svm-tests/Cargo.toml": "e9c13437ad25f41dbb5269f2999f54427f5ba3bcdc706826762c580ac5cd617e",
    "onchain/ratchet-core-g2/svm-tests/fixtures/rcx-mainnet-mint-2026-09-04.json": "351fcb70630fd30e884399617f9ad248ecb16d64c649ded6e68559b90847e843",
    "onchain/ratchet-core-g2/svm-tests/tests/core_g2_lifecycle.rs": "3d8b2258b71167168f8200d4f0b21bcd39a64a4651b2741df724475b9fd0eaef",
    "onchain/rcx-timepin-v2/Anchor.toml": "6d2bf3ed299b2df82d0818caf525f12d09928347bc10cf2c828ff42b4071b067",
    "onchain/rcx-timepin-v2/Cargo.lock": "ead68270e8a089f861814ec66b5cb7db2f61feee83486846e75b29249feb7c0c",
    "onchain/rcx-timepin-v2/Cargo.toml": "95272f70f19e0b2fa07576279fa817ff920c682f7902e7dad53f976cb9a67fd0",
    "onchain/rcx-timepin-v2/programs/rcx-timepin-v2/Cargo.toml": "c16fbe770d337ce5c33d0a38b1b14d39b192b32eb77e22067b716f05410a6daf",
    "onchain/rcx-timepin-v2/programs/rcx-timepin-v2/src/lib.rs": "9a0196481070ab8866c76deb0c033d3738608587ff15303f033049e58e34ee39",
    "onchain/rcx-timepin-v2/programs/rcx-timepin-v2/src/lifecycle.rs": "ab7be6a8e242ae340c311ce9595cc7f32b9fce3ebab2edd3f97fa29f626ee3f8",
    "onchain/rcx-timepin-v2/svm-tests/_drafts/malformed_state_append.rs": "1c1ef318e856406767f2b2d1bf4c13a208a7ba147fc25ade293ae5aff6708967",
    "onchain/rcx-timepin-v2/svm-tests/_drafts/malformed_state_append2.rs": "cdd38b3019e3e1eedcdf1b1a2902cafe437d0be9f1a3edc44120e5b500581dfc",
    "onchain/rcx-timepin-v2/svm-tests/_drafts/malformed_state_new.rs": "e17182a5a8433b31470579dbb055a7bad38bbc12d36021418ffacef39a9a2b49",
    "onchain/rcx-timepin-v2/svm-tests/Cargo.lock": "f424ca13025261cef0ec12f447c0b617a58b4bd4e7f209fd5207a85d08f88e1c",
    "onchain/rcx-timepin-v2/svm-tests/Cargo.toml": "b4aeb462c5522c5bb19e8fe5a2b277b0cb2b7a8e487271522c5d485822d009cf",
    "onchain/rcx-timepin-v2/svm-tests/fixtures/mainnet-2026-09-04/provenance.json": "c1764e7fb2c0763e9c39c65c15eb250c520cef57410c9a6bac6ae17c903d987b",
    "onchain/rcx-timepin-v2/svm-tests/tests/conflict_finalize_expire.rs": "c440960c022f8f59fba1bad55e729ab498940432d0ca61cd8e2b78831a280ae2",
    "onchain/rcx-timepin-v2/svm-tests/tests/malformed_state.rs": "fec2e45023b978d63d01f4738931b43bcb56de691f4a1f0fe8b9a67d07f2ec1d",
    "onchain/rcx-timepin-v2/svm-tests/tests/registration_open.rs": "c5e7b86caf642e8e50f88de5adf37f815438150291fc794c5a5c935a0b1d2ab0"
  },
  "artifacts": {
    "timepin": {
      "programId": "C8wwxUGmoKAV22MaY3oW2Q6QeDbmB9dbNdbohsRjJkYp",
      "path": "C:\\Users\\treed\\AppData\\Local\\Temp\\ratchetx-onchain-sbf\\534e3fd33c3350a2ce086f0f2d46dfb85db07813f76c6da569e750f624a1f3c1\\rcx_timepin_v2.so",
      "sha256": "534e3fd33c3350a2ce086f0f2d46dfb85db07813f76c6da569e750f624a1f3c1",
      "size": 375944
    },
    "core": {
      "programId": "ANVGVtDrECeyQkS56UZ9ZiWCUxk2JWEVNJioFW8JEwbL",
      "path": "C:\\Users\\treed\\AppData\\Local\\Temp\\ratchetx-onchain-sbf\\a8f3fb4daefaeea13c951c967e23b92ed14d8cc904402aad7d38e5b8c446094d\\ratchet_core_g2.so",
      "sha256": "a8f3fb4daefaeea13c951c967e23b92ed14d8cc904402aad7d38e5b8c446094d",
      "size": 1014408
    }
  },
  "resolvedArtifactPaths": {
    "timepin": "D:\\Work\\Software_Projects\\pumpmind\\ratchetx\\ratchet_phase_a_clean\\_to_delete\\public-build-handoff\\534e3fd33c3350a2ce086f0f2d46dfb85db07813f76c6da569e750f624a1f3c1\\rcx_timepin_v2.so",
    "core": "D:\\Work\\Software_Projects\\pumpmind\\ratchetx\\ratchet_phase_a_clean\\_to_delete\\public-build-handoff\\a8f3fb4daefaeea13c951c967e23b92ed14d8cc904402aad7d38e5b8c446094d\\ratchet_core_g2.so"
  },
  "rentQuotes": {
    "36": 833120,
    "375981": 1910633720,
    "375989": 1910674360,
    "1014445": 5154030840,
    "1014453": 5154071480
  },
  "plan": {
    "ok": true,
    "refusals": [],
    "steps": [
      {
        "name": "core",
        "programId": "ANVGVtDrECeyQkS56UZ9ZiWCUxk2JWEVNJioFW8JEwbL",
        "bytes": 1014408,
        "maxLen": 1014408,
        "cost": {
          "elfLen": 1014408,
          "allocatedElfLen": 1014408,
          "programAccount": 833120,
          "programDataAccount": 5154071480,
          "permanent": 5154904600,
          "bufferRentMinimum": 5154030840,
          "bufferFunding": 5154071480,
          "bufferPeak": 5154071480,
          "peak": 5154904600,
          "rentBasis": "provided-quotes",
          "feesIncluded": false,
          "scope": "fresh loader-v3 deployment with a newly CLI-funded buffer; excludes fees, upgrades and existing accounts"
        },
        "requiredAtThisStep": 5154904600
      },
      {
        "name": "timepin",
        "programId": "C8wwxUGmoKAV22MaY3oW2Q6QeDbmB9dbNdbohsRjJkYp",
        "bytes": 375944,
        "maxLen": 375944,
        "cost": {
          "elfLen": 375944,
          "allocatedElfLen": 375944,
          "programAccount": 833120,
          "programDataAccount": 1910674360,
          "permanent": 1911507480,
          "bufferRentMinimum": 1910633720,
          "bufferFunding": 1910674360,
          "bufferPeak": 1910674360,
          "peak": 1911507480,
          "rentBasis": "provided-quotes",
          "feesIncluded": false,
          "scope": "fresh loader-v3 deployment with a newly CLI-funded buffer; excludes fees, upgrades and existing accounts"
        },
        "requiredAtThisStep": 7066412080
      }
    ],
    "peak": 7066412080,
    "required": 7116412080,
    "rentSource": "rpc",
    "feeAllowanceLamports": 50000000,
    "feesMeasured": false
  },
  "deployments": [
    {
      "programId": "ANVGVtDrECeyQkS56UZ9ZiWCUxk2JWEVNJioFW8JEwbL",
      "owner": "BPFLoaderUpgradeab1e11111111111111111111111",
      "executable": true,
      "programDataAddress": "6h8VdBWK8rjc8ZaPA64VxpVYRHJ91qRQhQEn4LkVbGfg",
      "programDataOwner": "BPFLoaderUpgradeab1e11111111111111111111111",
      "slot": "493790839",
      "upgradeAuthority": "wJYFx75hzP9h2ujQQ6mpJWLeYgPSUdLtuWjrw881rKz",
      "sha256": "a8f3fb4daefaeea13c951c967e23b92ed14d8cc904402aad7d38e5b8c446094d",
      "bytes": 1014408,
      "exactCapacity": true
    },
    {
      "programId": "C8wwxUGmoKAV22MaY3oW2Q6QeDbmB9dbNdbohsRjJkYp",
      "owner": "BPFLoaderUpgradeab1e11111111111111111111111",
      "executable": true,
      "programDataAddress": "BdkDZhs4MionjYMkmrRkY43VdKTR9XtVo1jbRc84EXMK",
      "programDataOwner": "BPFLoaderUpgradeab1e11111111111111111111111",
      "slot": "493790908",
      "upgradeAuthority": "wJYFx75hzP9h2ujQQ6mpJWLeYgPSUdLtuWjrw881rKz",
      "sha256": "534e3fd33c3350a2ce086f0f2d46dfb85db07813f76c6da569e750f624a1f3c1",
      "bytes": 375944,
      "exactCapacity": true
    }
  ]
}
