START timepin reused artifact readback
PASS timepin reused artifact readback
START core reused artifact readback
PASS core reused artifact readback
PASS committed vectors pin the freshly built Timepin artifact.
START Timepin vector check
PASS Timepin vector check
START timepin SVM target inventory
PASS timepin SVM target inventory
START timepin exact-SBF conflict_finalize_expire
PASS timepin exact-SBF conflict_finalize_expire
START timepin exact-SBF malformed_state
PASS timepin exact-SBF malformed_state
START timepin exact-SBF registration_open
PASS timepin exact-SBF registration_open
START core SVM target inventory
PASS core SVM target inventory
START core exact-SBF core_g2_lifecycle
PASS core exact-SBF core_g2_lifecycle
START JS release gate
PASS JS release gate
START timepin final artifact readback
PASS timepin final artifact readback
START core final artifact readback
PASS core final artifact readback
PASS G2 local candidate. Receipt: D:\Work\Software_Projects\pumpmind\ratchetx\ratchet_phase_a_clean\docs\receipts\g2-build-artifacts.json. Nothing deployed.
